================================================
Отчёт о состоянии системы
Дата: 2026-02-28 12:01:57
Hostname: aibot
Uptime:  12:01:57 up 7 days,  5:22,  1 user,  load average: 0.02, 0.03, 0.04
================================================

--- CPU ---
top - 12:01:57 up 7 days,  5:22,  1 user,  load average: 0.02, 0.03, 0.04
Tasks: 181 total,   1 running, 180 sleeping,   0 stopped,   0 zombie
%Cpu(s):  0.0 us,  0.0 sy,  0.0 ni,100.0 id,  0.0 wa,  0.0 hi,  0.0 si,  0.0 st 
MiB Mem :   7940.8 total,   2729.1 free,   2170.8 used,   3350.4 buff/cache     
MiB Swap:      0.0 total,      0.0 free,      0.0 used.   5770.0 avail Mem 

--- Память ---
               total        used        free      shared  buff/cache   available
Mem:           7.8Gi       2.1Gi       2.7Gi        13Mi       3.3Gi       5.6Gi
Swap:             0B          0B          0B

--- Диск ---
Filesystem      Size  Used Avail Use% Mounted on
tmpfs           795M  1.8M  793M   1% /run
/dev/sda2        50G   25G   23G  52% /
tmpfs           3.9G     0  3.9G   0% /dev/shm
tmpfs           5.0M  8.0K  5.0M   1% /run/lock
tmpfs           795M   96K  794M   1% /run/user/120
overlay          50G   25G   23G  52% /var/lib/docker/rootfs/overlayfs/9b19a0e1dfccef8913cab28d58e90568315be234cce448a6e6c4043b83633176
overlay          50G   25G   23G  52% /var/lib/docker/rootfs/overlayfs/aeb06cd27f9d7a58c25fea39a2d8aa6845197594bab7f961671e7bfb38c8404f

--- Top процессы по CPU ---
USER         PID %CPU %MEM    VSZ   RSS TTY      STAT START   TIME COMMAND
root        2123  0.4 13.8 12540684 1129368 ?    Sl   Feb21  51:48 openclaw-gateway
1001       63301  0.2  0.9 231952 74016 ?        Ssl  Feb22  18:12 python src/bot.py bot
gdm         1311  0.1  3.0 3785596 250780 tty1   Sl+  Feb21  20:06 /usr/bin/gnome-shell
root        1125  0.1  0.6 1872204 54616 ?       Ssl  Feb21  15:13 /usr/bin/containerd
root        1326  0.1  1.3 2216268 106036 ?      Ssl  Feb21  11:47 /usr/bin/dockerd -H fd:// --containerd=/run/containerd/containerd.sock

--- Top процессы по памяти ---
USER         PID %CPU %MEM    VSZ   RSS TTY      STAT START   TIME COMMAND
root        2123  0.4 13.8 12540684 1129368 ?    Sl   Feb21  51:48 openclaw-gateway
gdm         1311  0.1  3.0 3785596 250780 tty1   Sl+  Feb21  20:06 /usr/bin/gnome-shell
root        1680  0.0  1.6 214324 130880 ?       Ssl  Feb21   4:17 python bot.py
root        1326  0.1  1.3 2216268 106036 ?      Ssl  Feb21  11:47 /usr/bin/dockerd -H fd:// --containerd=/run/containerd/containerd.sock
gdm         1995  0.0  1.2 1118392 101420 tty1   Sl+  Feb21   0:00 /usr/libexec/mutter-x11-frames

================================================
