[2026-02-28 12:01:55] INFO: ================================================
[2026-02-28 12:01:55] INFO: Запуск мониторинга системы
[2026-02-28 12:01:55] INFO: ================================================
[2026-02-28 12:01:55] INFO: Запуск ротации логов (хранить последние 3 дней)
[2026-02-28 12:01:55] INFO: Ротация логов завершена успешно
[2026-02-28 12:01:55] INFO: === Мониторинг CPU ===
Linux 6.17.0-14-generic (aibot) 	02/28/2026 	_x86_64_	(2 CPU)

12:01:55 PM  CPU    %usr   %nice    %sys %iowait    %irq   %soft  %steal  %guest  %gnice   %idle
12:01:56 PM  all    0.49    0.00    0.00    0.00    0.00    0.00    0.00    0.00    0.00   99.51
Average:     all    0.49    0.00    0.00    0.00    0.00    0.00    0.00    0.00    0.00   99.51
[2026-02-28 12:01:57] INFO: Текущая загрузка CPU: 4.5%
[2026-02-28 12:01:57] INFO: === Мониторинг памяти ===
               total        used        free      shared  buff/cache   available
Mem:           7.8Gi       2.1Gi       2.7Gi        13Mi       3.3Gi       5.6Gi
Swap:             0B          0B          0B
[2026-02-28 12:01:57] INFO: Использование памяти: 27.3%
[2026-02-28 12:01:57] INFO: === Мониторинг диска ===
Filesystem      Size  Used Avail Use% Mounted on
tmpfs           795M  1.8M  793M   1% /run
/dev/sda2        50G   25G   23G  52% /
tmpfs           3.9G     0  3.9G   0% /dev/shm
tmpfs           5.0M  8.0K  5.0M   1% /run/lock
tmpfs           795M   96K  794M   1% /run/user/120
overlay          50G   25G   23G  52% /var/lib/docker/rootfs/overlayfs/9b19a0e1dfccef8913cab28d58e90568315be234cce448a6e6c4043b83633176
overlay          50G   25G   23G  52% /var/lib/docker/rootfs/overlayfs/aeb06cd27f9d7a58c25fea39a2d8aa6845197594bab7f961671e7bfb38c8404f
[2026-02-28 12:01:57] INFO: Мониторинг дисков завершён
[2026-02-28 12:01:57] INFO: Отчёт сохранён: ./logs/report_20260228_120157.log
[2026-02-28 12:01:57] INFO: ================================================
[2026-02-28 12:01:57] INFO: Мониторинг завершён
[2026-02-28 12:01:57] INFO: ================================================
